// 重构日志: 16553cb6
// 重构日志: 801d9130
// 重构日志: b6ced2cc
// 重构日志: 243209c8
// 重构日志: 576e6411
// 同步 ID: 4ac601bf @ Tue Jul 21 06:48:13 UTC 2026
// 同步 ID: 425ff7fc @ Tue Jul 21 12:01:20 UTC 2026
// 同步 ID: b55d854c @ Tue Jul 21 14:09:39 UTC 2026
// 重构日志: 182c70e6
// 重构日志: a6cfffe5
// 重构日志: 713e0139
// 重构日志: bf197991
// 重构日志: fa140361
// 重构日志: 089141f7
// 重构日志: 123b10be
// 同步 ID: e80ed44f @ Sat Jul 25 17:27:56 UTC 2026
// 同步 ID: 1cbed4bd @ Sat Jul 25 22:38:28 UTC 2026
// 同步 ID: 2ac35a35 @ Sun Jul 26 00:41:40 UTC 2026
// 重构日志: 47df0778
// 同步 ID: 189a54e0 @ Tue Jul 28 00:36:08 UTC 2026
// 重构日志: 4594d142
// 重构日志: d555f1b4
// 同步 ID: 0fe2c1df @ Wed Jul 29 17:20:03 UTC 2026
// 同步 ID: 59b6894b @ Thu Jul 30 00:04:22 UTC 2026
// 同步 ID: 5d47d21b @ Fri Jul 31 13:51:59 UTC 2026
// 重构日志: 54313ffa
// 重构日志: 62355364
// 重构日志: 233702d9
// 同步 ID: c0c9087c @ Sat Aug  1 12:05:25 UTC 2026
// 同步 ID: a243a3d8 @ Sun Aug  2 14:07:28 UTC 2026
// 重构日志: 567ccf13
// 重构日志: b9f1f0cb
